// Jest Snapshot v1, https://goo.gl/fbAQLP

exports[`Pruebas al componente <GifExpertApp /> Debe de mostrar una lista de categor√≠as 1`] = `
<Fragment>
  <h2>
    GifExpertApp
  </h2>
  <AddCategory
    setCategories={[Function]}
  />
  <hr />
  <ol>
    <GifGrid
      category="Test"
      key="Test"
    />
    <GifGrid
      category="React"
      key="React"
    />
  </ol>
</Fragment>
`;

exports[`Pruebas al componente <GifExpertApp /> Debe mostrarse correctamente 1`] = `
<Fragment>
  <h2>
    GifExpertApp
  </h2>
  <AddCategory
    setCategories={[Function]}
  />
  <hr />
  <ol />
</Fragment>
`;
