// Jest Snapshot v1, https://goo.gl/fbAQLP

exports[`Test to <AppRouter /> component Should <Marvel /> component if user is authenticated 1`] = `
Array [
  <nav
    className="navbar navbar-expand-sm navbar-dark bg-dark px-5"
  >
    <div
      className="container-fluid"
    >
      <a
        className="navbar-brand"
        href="/"
        onClick={[Function]}
      >
        Publishers
      </a>
      <div
        className="navbar-collapse"
      >
        <div
          className="navbar-nav"
        >
          <a
            className="nav-item nav-link false"
            href="/marvel"
            onClick={[Function]}
          >
            Marvel
          </a>
          <a
            className="nav-item nav-link false"
            href="/dc"
            onClick={[Function]}
          >
            DC
          </a>
          <a
            className="nav-item nav-link false"
            href="/search"
            onClick={[Function]}
          >
            Search
          </a>
        </div>
      </div>
      <div
        className="navbar-collapse collapse w-100 order-3 dual-collapse2 d-flex justify-content-end"
      >
        <ul
          className="navbar-nav ml-auto"
        >
          <span
            className="nav-item nav-link text-info mx-3"
          >
            Test
          </span>
          <button
            className="btn btn-outline-light"
            onClick={[Function]}
          >
            Logout
          </button>
        </ul>
      </div>
    </div>
  </nav>,
  <div
    className="container mt-3"
  >
    Array [
      <h1>
        Marvel Screen
      </h1>,
      <div
        className="row row-cols-1 row-cols-md-3 g-3 animate__animated animate__fadeIn"
      >
        <div
          className="col animate__animated  animate__zoomIn animate__faster"
        >
          <div
            className="card"
          >
            <div
              className="row nog-gutters"
            >
              <div
                className="col-md-5"
              >
                <img
                  alt="Spider Man"
                  className="card-img-top"
                  src="/assets/marvel-spider.jpg"
                />
              </div>
              <div
                className="col-md-7"
              >
                <div
                  className="card-body"
                >
                  <h5
                    className="card-title"
                  >
                    Spider Man
                  </h5>
                  <p
                    className="card-text"
                  >
                    Peter Parker
                  </p>
                  <p
                    className="card-text"
                  >
                    <small
                      className="text-muted"
                    >
                      Amazing Fantasy #15
                    </small>
                  </p>
                  <a
                    href="/hero/marvel-spider"
                    onClick={[Function]}
                  >
                    More...
                  </a>
                </div>
              </div>
            </div>
          </div>
        </div>
        <div
          className="col animate__animated  animate__zoomIn animate__faster"
        >
          <div
            className="card"
          >
            <div
              className="row nog-gutters"
            >
              <div
                className="col-md-5"
              >
                <img
                  alt="Captain America"
                  className="card-img-top"
                  src="/assets/marvel-captain.jpg"
                />
              </div>
              <div
                className="col-md-7"
              >
                <div
                  className="card-body"
                >
                  <h5
                    className="card-title"
                  >
                    Captain America
                  </h5>
                  <p
                    className="card-text"
                  >
                    Steve Rogers
                  </p>
                  <p
                    className="card-text"
                  >
                    <small
                      className="text-muted"
                    >
                      Captain America Comics #1
                    </small>
                  </p>
                  <a
                    href="/hero/marvel-captain"
                    onClick={[Function]}
                  >
                    More...
                  </a>
                </div>
              </div>
            </div>
          </div>
        </div>
        <div
          className="col animate__animated  animate__zoomIn animate__faster"
        >
          <div
            className="card"
          >
            <div
              className="row nog-gutters"
            >
              <div
                className="col-md-5"
              >
                <img
                  alt="Iron Man"
                  className="card-img-top"
                  src="/assets/marvel-iron.jpg"
                />
              </div>
              <div
                className="col-md-7"
              >
                <div
                  className="card-body"
                >
                  <h5
                    className="card-title"
                  >
                    Iron Man
                  </h5>
                  <p
                    className="card-text"
                  >
                    Tony Stark
                  </p>
                  <p
                    className="card-text"
                  >
                    <small
                      className="text-muted"
                    >
                      Tales of Suspense #39
                    </small>
                  </p>
                  <a
                    href="/hero/marvel-iron"
                    onClick={[Function]}
                  >
                    More...
                  </a>
                </div>
              </div>
            </div>
          </div>
        </div>
        <div
          className="col animate__animated  animate__zoomIn animate__faster"
        >
          <div
            className="card"
          >
            <div
              className="row nog-gutters"
            >
              <div
                className="col-md-5"
              >
                <img
                  alt="Thor"
                  className="card-img-top"
                  src="/assets/marvel-thor.jpg"
                />
              </div>
              <div
                className="col-md-7"
              >
                <div
                  className="card-body"
                >
                  <h5
                    className="card-title"
                  >
                    Thor
                  </h5>
                  <p
                    className="card-text"
                  >
                    Thor Odinson
                  </p>
                  <p
                    className="card-text"
                  >
                    <small
                      className="text-muted"
                    >
                      Journey into Myster #83
                    </small>
                  </p>
                  <a
                    href="/hero/marvel-thor"
                    onClick={[Function]}
                  >
                    More...
                  </a>
                </div>
              </div>
            </div>
          </div>
        </div>
        <div
          className="col animate__animated  animate__zoomIn animate__faster"
        >
          <div
            className="card"
          >
            <div
              className="row nog-gutters"
            >
              <div
                className="col-md-5"
              >
                <img
                  alt="Hulk"
                  className="card-img-top"
                  src="/assets/marvel-hulk.jpg"
                />
              </div>
              <div
                className="col-md-7"
              >
                <div
                  className="card-body"
                >
                  <h5
                    className="card-title"
                  >
                    Hulk
                  </h5>
                  <p
                    className="card-text"
                  >
                    Bruce Banner
                  </p>
                  <p
                    className="card-text"
                  >
                    <small
                      className="text-muted"
                    >
                      The Incredible Hulk #1
                    </small>
                  </p>
                  <a
                    href="/hero/marvel-hulk"
                    onClick={[Function]}
                  >
                    More...
                  </a>
                </div>
              </div>
            </div>
          </div>
        </div>
        <div
          className="col animate__animated  animate__zoomIn animate__faster"
        >
          <div
            className="card"
          >
            <div
              className="row nog-gutters"
            >
              <div
                className="col-md-5"
              >
                <img
                  alt="Wolverine"
                  className="card-img-top"
                  src="/assets/marvel-wolverine.jpg"
                />
              </div>
              <div
                className="col-md-7"
              >
                <div
                  className="card-body"
                >
                  <h5
                    className="card-title"
                  >
                    Wolverine
                  </h5>
                  <p
                    className="card-text"
                  >
                    James Howlett
                  </p>
                  <p
                    className="card-text"
                  >
                    <small
                      className="text-muted"
                    >
                      The Incredible Hulk #180
                    </small>
                  </p>
                  <a
                    href="/hero/marvel-wolverine"
                    onClick={[Function]}
                  >
                    More...
                  </a>
                </div>
              </div>
            </div>
          </div>
        </div>
        <div
          className="col animate__animated  animate__zoomIn animate__faster"
        >
          <div
            className="card"
          >
            <div
              className="row nog-gutters"
            >
              <div
                className="col-md-5"
              >
                <img
                  alt="Daredevil"
                  className="card-img-top"
                  src="/assets/marvel-daredevil.jpg"
                />
              </div>
              <div
                className="col-md-7"
              >
                <div
                  className="card-body"
                >
                  <h5
                    className="card-title"
                  >
                    Daredevil
                  </h5>
                  <p
                    className="card-text"
                  >
                    Matthew Michael Murdock
                  </p>
                  <p
                    className="card-text"
                  >
                    <small
                      className="text-muted"
                    >
                      Daredevil #1
                    </small>
                  </p>
                  <a
                    href="/hero/marvel-daredevil"
                    onClick={[Function]}
                  >
                    More...
                  </a>
                </div>
              </div>
            </div>
          </div>
        </div>
        <div
          className="col animate__animated  animate__zoomIn animate__faster"
        >
          <div
            className="card"
          >
            <div
              className="row nog-gutters"
            >
              <div
                className="col-md-5"
              >
                <img
                  alt="Hawkeye"
                  className="card-img-top"
                  src="/assets/marvel-hawkeye.jpg"
                />
              </div>
              <div
                className="col-md-7"
              >
                <div
                  className="card-body"
                >
                  <h5
                    className="card-title"
                  >
                    Hawkeye
                  </h5>
                  <p
                    className="card-text"
                  >
                    Clinton Francis Barton
                  </p>
                  <p
                    className="card-text"
                  >
                    <small
                      className="text-muted"
                    >
                      Tales of Suspense #57
                    </small>
                  </p>
                  <a
                    href="/hero/marvel-hawkeye"
                    onClick={[Function]}
                  >
                    More...
                  </a>
                </div>
              </div>
            </div>
          </div>
        </div>
        <div
          className="col animate__animated  animate__zoomIn animate__faster"
        >
          <div
            className="card"
          >
            <div
              className="row nog-gutters"
            >
              <div
                className="col-md-5"
              >
                <img
                  alt="Cyclops"
                  className="card-img-top"
                  src="/assets/marvel-cyclops.jpg"
                />
              </div>
              <div
                className="col-md-7"
              >
                <div
                  className="card-body"
                >
                  <h5
                    className="card-title"
                  >
                    Cyclops
                  </h5>
                  <p
                    className="card-text"
                  >
                    Scott Summers
                  </p>
                  <p
                    className="card-text"
                  >
                    <small
                      className="text-muted"
                    >
                      X-Men #1
                    </small>
                  </p>
                  <a
                    href="/hero/marvel-cyclops"
                    onClick={[Function]}
                  >
                    More...
                  </a>
                </div>
              </div>
            </div>
          </div>
        </div>
        <div
          className="col animate__animated  animate__zoomIn animate__faster"
        >
          <div
            className="card"
          >
            <div
              className="row nog-gutters"
            >
              <div
                className="col-md-5"
              >
                <img
                  alt="Silver Surfer"
                  className="card-img-top"
                  src="/assets/marvel-silver.jpg"
                />
              </div>
              <div
                className="col-md-7"
              >
                <div
                  className="card-body"
                >
                  <h5
                    className="card-title"
                  >
                    Silver Surfer
                  </h5>
                  <p
                    className="card-text"
                  >
                    Norrin Radd
                  </p>
                  <p
                    className="card-text"
                  >
                    <small
                      className="text-muted"
                    >
                      The Fantastic Four #48
                    </small>
                  </p>
                  <a
                    href="/hero/marvel-silver"
                    onClick={[Function]}
                  >
                    More...
                  </a>
                </div>
              </div>
            </div>
          </div>
        </div>
      </div>,
    ]
  </div>,
]
`;

exports[`Test to <AppRouter /> component Should show login path if user is not authenticated 1`] = `
<div
  className="container mt-5"
>
  <h1>
    Login Screen
  </h1>
  <hr />
  <button
    className="btn btn-primary"
    onClick={[Function]}
  >
    Login
  </button>
</div>
`;
