// Jest Snapshot v1, https://goo.gl/fbAQLP

exports[`Pruebas en <GifGridItem /> Debe mostrarse correctamente 1`] = `
<div
  className="card animate__animated animate__fadeIn"
>
  <img
    alt="Gif para los test"
    className="card animate__animated animate__fadeInDown"
    src="http://localhost:1234/img.gif"
  />
  <p>
    Gif para los test
  </p>
</div>
`;
